// Jest Snapshot v1, https://goo.gl/fbAQLP

exports[`ServiceModelTable.vue snapshot 1`] = `
<div
  style="height: 630px;"
>
  <div
    class="el-table el-table--fit el-table--scrollable-x el-table--enable-row-transition"
    style="width: 100%; height: 615px; overflow-y: auto;"
  >
    <div
      class="hidden-columns"
    >
      <div />
       
      <div />
       
      <div />
       
      <div />
       
      <div />
       
      <div />
       
      <div />
       
      <div />
       
      <div />
       
      <div />
    </div>
    <div
      class="el-table__header-wrapper"
    >
      <table
        border="0"
        cellpadding="0"
        cellspacing="0"
        class="el-table__header"
        style="width: 1634px;"
      >
        <colgroup>
          <col
            name="el-table_1_column_1"
            width="48"
          />
          <col
            name="el-table_1_column_2"
            width="136"
          />
          <col
            name="el-table_1_column_3"
            width="160"
          />
          <col
            name="el-table_1_column_4"
            width="160"
          />
          <col
            name="el-table_1_column_5"
            width="250"
          />
          <col
            name="el-table_1_column_6"
            width="250"
          />
          <col
            name="el-table_1_column_7"
            width="112"
          />
          <col
            name="el-table_1_column_8"
            width="104"
          />
          <col
            name="el-table_1_column_9"
            width="50"
          />
          <col
            name="el-table_1_column_10"
            width="364"
          />
        </colgroup>
        <thead
          class=""
        >
          <tr
            class=""
          >
            <th
              class="el-table_1_column_1  is-center el-table-column--selection  is-hidden is-leaf"
              colspan="1"
              rowspan="1"
            >
              <div
                class="cell"
              >
                <label
                  class="el-checkbox"
                  role="checkbox"
                >
                  <span
                    aria-checked="mixed"
                    class="el-checkbox__input"
                  >
                    <span
                      class="el-checkbox__inner"
                    />
                    <input
                      aria-hidden="true"
                      class="el-checkbox__original"
                      type="checkbox"
                      value=""
                    />
                  </span>
                  <!---->
                </label>
              </div>
            </th>
            <th
              class="el-table_1_column_2  is-left   is-hidden is-leaf"
              colspan="1"
              rowspan="1"
            >
              <div
                class="cell"
              >
                服务名称
              </div>
            </th>
            <th
              class="el-table_1_column_3  is-left   is-leaf"
              colspan="1"
              rowspan="1"
            >
              <div
                class="cell"
              >
                描述
              </div>
            </th>
            <th
              class="el-table_1_column_4  is-left   is-leaf"
              colspan="1"
              rowspan="1"
            >
              <div
                class="cell"
              >
                调用模型
              </div>
            </th>
            <th
              class="el-table_1_column_5  is-left   is-leaf"
              colspan="1"
              rowspan="1"
            >
              <div
                class="cell"
              >
                创建时间
              </div>
            </th>
            <th
              class="el-table_1_column_6  is-left   is-leaf"
              colspan="1"
              rowspan="1"
            >
              <div
                class="cell"
              >
                最后更新时间
              </div>
            </th>
            <th
              class="el-table_1_column_7  is-left   is-leaf"
              colspan="1"
              rowspan="1"
            >
              <div
                class="cell"
              >
                创建者
              </div>
            </th>
            <th
              class="el-table_1_column_8  is-left   is-leaf"
              colspan="1"
              rowspan="1"
            >
              <div
                class="cell"
              >
                状态
              </div>
            </th>
            <th
              class="el-table_1_column_9  is-center   is-leaf"
              colspan="1"
              rowspan="1"
            >
              <div
                class="cell"
              >
                发布
              </div>
            </th>
            <th
              class="el-table_1_column_10  is-center   is-leaf"
              colspan="1"
              rowspan="1"
            >
              <div
                class="cell"
              >
                操作
              </div>
            </th>
          </tr>
        </thead>
      </table>
    </div>
    <div
      class="el-table__body-wrapper is-scrolling-left"
    >
      <table
        border="0"
        cellpadding="0"
        cellspacing="0"
        class="el-table__body"
        style="width: 1634px;"
      >
        <colgroup>
          <col
            name="el-table_1_column_1"
            width="48"
          />
          <col
            name="el-table_1_column_2"
            width="136"
          />
          <col
            name="el-table_1_column_3"
            width="160"
          />
          <col
            name="el-table_1_column_4"
            width="160"
          />
          <col
            name="el-table_1_column_5"
            width="250"
          />
          <col
            name="el-table_1_column_6"
            width="250"
          />
          <col
            name="el-table_1_column_7"
            width="112"
          />
          <col
            name="el-table_1_column_8"
            width="104"
          />
          <col
            name="el-table_1_column_9"
            width="50"
          />
          <col
            name="el-table_1_column_10"
            width="364"
          />
        </colgroup>
        <tbody>
          <tr
            class="el-table__row"
          >
            <td
              class="el-table_1_column_1 is-center el-table-column--selection is-hidden"
              colspan="1"
              rowspan="1"
            >
              <div
                class="cell"
              >
                <label
                  class="el-checkbox"
                  role="checkbox"
                >
                  <span
                    aria-checked="mixed"
                    class="el-checkbox__input"
                  >
                    <span
                      class="el-checkbox__inner"
                    />
                    <input
                      aria-hidden="true"
                      class="el-checkbox__original"
                      type="checkbox"
                      value=""
                    />
                  </span>
                  <!---->
                </label>
              </div>
            </td>
            <td
              class="el-table_1_column_2 is-left  is-hidden"
              colspan="1"
              rowspan="1"
            >
              <div
                class="cell el-tooltip"
                style="width: 134px;"
              >
                <span>
                  服务1
                </span>
              </div>
            </td>
            <td
              class="el-table_1_column_3 is-left "
              colspan="1"
              rowspan="1"
            >
              <div
                class="cell el-tooltip"
                style="width: 158px;"
              >
                <span>
                  上海市普陀区金沙江路 1518 弄
                </span>
              </div>
            </td>
            <td
              class="el-table_1_column_4 is-left "
              colspan="1"
              rowspan="1"
            >
              <div
                class="cell"
              >
                <span
                  class="realproject"
                >
                  <div
                    aria-hidden="true"
                    class="el-popover el-popper"
                    id="el-popover-2912"
                    role="tooltip"
                    style="width: 488px; display: none;"
                    tabindex="0"
                  >
                    <div
                      class="el-popover__title"
                    >
                      模型详情
                    </div>
                    <div
                      class="el-divider el-divider--horizontal"
                    />
                     
                    <table
                      class="dialogDetail"
                    >
                      <tr
                        style="vertical-align: top;"
                      >
                        <td>
                          <label>
                            模型名称 : 
                          </label>
                        </td>
                        <td>
                          modelname
                        </td>
                      </tr>
                       
                      <tr
                        style="vertical-align: top;"
                      >
                        <td>
                          <label>
                            模型描述 : 
                          </label>
                        </td>
                        <td>
                          
                        </td>
                      </tr>
                       
                      <tr
                        style="vertical-align: top;"
                      >
                        <td>
                          <label>
                            创建时间 : 
                          </label>
                        </td>
                        <td>
                          createtime
                        </td>
                      </tr>
                       
                      <tr
                        style="vertical-align: top;"
                      >
                        <td>
                          <label>
                            最后更新时间 : 
                          </label>
                        </td>
                        <td>
                          updatetime
                        </td>
                      </tr>
                    </table>
                     
                  </div>
                  <span
                    aria-describedby="el-popover-2912"
                    class="el-popover__reference"
                    tabindex="0"
                  >
                    model1
                  </span>
                </span>
              </div>
            </td>
            <td
              class="el-table_1_column_5 is-left "
              colspan="1"
              rowspan="1"
            >
              <div
                class="cell"
              >
                2016-05-02
              </div>
            </td>
            <td
              class="el-table_1_column_6 is-left "
              colspan="1"
              rowspan="1"
            >
              <div
                class="cell"
              >
                2016-05-03
              </div>
            </td>
            <td
              class="el-table_1_column_7 is-left "
              colspan="1"
              rowspan="1"
            >
              <div
                class="cell el-tooltip"
                style="width: 110px;"
              />
            </td>
            <td
              class="el-table_1_column_8 is-left "
              colspan="1"
              rowspan="1"
            >
              <div
                class="cell"
              >
                <!---->
                 
                <!---->
                 
                <!---->
                 
                <!---->
                
        
      
              </div>
            </td>
            <td
              class="el-table_1_column_9 is-center "
              colspan="1"
              rowspan="1"
            >
              <div
                class="cell"
              >
                <div
                  class="el-switch"
                  role="switch"
                >
                  <input
                    class="el-switch__input"
                    name=""
                    true-value="true"
                    type="checkbox"
                  />
                  <!---->
                  <span
                    class="el-switch__core"
                    style="width: 40px; border-color: #ccc; background-color: rgb(204, 204, 204);"
                  />
                  <!---->
                </div>
              </div>
            </td>
            <td
              class="el-table_1_column_10 is-center "
              colspan="1"
              rowspan="1"
            >
              <div
                class="cell"
              >
                <div
                  style="height: 36px;"
                >
                  <button
                    class="el-button el-button--default el-button--small is-plain"
                    style="width: 96px;"
                    type="button"
                  >
                    <!---->
                    <!---->
                    <span>
                      调用信息
                    </span>
                  </button>
                   
                  <button
                    class="el-button el-button--default el-button--small is-plain"
                    style="width: 64px;"
                    type="button"
                  >
                    <!---->
                    <!---->
                    <span>
                      测试
                    </span>
                  </button>
                   
                  <button
                    class="el-button el-button--default el-button--small is-plain"
                    style="width: 64px;"
                    type="button"
                  >
                    <!---->
                    <!---->
                    <span>
                      更新
                    </span>
                  </button>
                   
                  <div
                    class="el-dropdown"
                  >
                    <span
                      aria-controls="dropdown-menu-395"
                      aria-haspopup="list"
                      class=" el-dropdown-selfdefine"
                      role="button"
                      tabindex="0"
                    >
                      <button
                        class="el-button moreOperator el-button--default el-button--small is-circle"
                        style="width: 28px; border-radius: 14px;"
                        type="button"
                      >
                        <!---->
                        <!---->
                        <span>
                          ...
                        </span>
                      </button>
                    </span>
                     
                    <ul
                      class="el-dropdown-menu el-popper"
                      id="dropdown-menu-395"
                      style="display: none;"
                    >
                      <li
                        class="el-dropdown-menu__item"
                        tabindex="-1"
                      >
                        <!---->
                        编辑
                      </li>
                       
                      <li
                        class="el-dropdown-menu__item el-dropdown-menu__item--divided"
                        tabindex="-1"
                      >
                        <!---->
                        删除
                      </li>
                    </ul>
                  </div>
                </div>
              </div>
            </td>
          </tr>
          <tr
            class="el-table__row"
          >
            <td
              class="el-table_1_column_1 is-center el-table-column--selection is-hidden"
              colspan="1"
              rowspan="1"
            >
              <div
                class="cell"
              >
                <label
                  class="el-checkbox"
                  role="checkbox"
                >
                  <span
                    aria-checked="mixed"
                    class="el-checkbox__input"
                  >
                    <span
                      class="el-checkbox__inner"
                    />
                    <input
                      aria-hidden="true"
                      class="el-checkbox__original"
                      type="checkbox"
                      value=""
                    />
                  </span>
                  <!---->
                </label>
              </div>
            </td>
            <td
              class="el-table_1_column_2 is-left  is-hidden"
              colspan="1"
              rowspan="1"
            >
              <div
                class="cell el-tooltip"
                style="width: 134px;"
              >
                <span>
                  服务2
                </span>
              </div>
            </td>
            <td
              class="el-table_1_column_3 is-left "
              colspan="1"
              rowspan="1"
            >
              <div
                class="cell el-tooltip"
                style="width: 158px;"
              >
                <span>
                  上海市普陀区金沙江路 1518 弄2
                </span>
              </div>
            </td>
            <td
              class="el-table_1_column_4 is-left "
              colspan="1"
              rowspan="1"
            >
              <div
                class="cell"
              >
                <span
                  class="realproject"
                >
                  <div
                    aria-hidden="true"
                    class="el-popover el-popper"
                    id="el-popover-2127"
                    role="tooltip"
                    style="width: 488px; display: none;"
                    tabindex="0"
                  >
                    <div
                      class="el-popover__title"
                    >
                      模型详情
                    </div>
                    <div
                      class="el-divider el-divider--horizontal"
                    />
                     
                    <table
                      class="dialogDetail"
                    >
                      <tr
                        style="vertical-align: top;"
                      >
                        <td>
                          <label>
                            模型名称 : 
                          </label>
                        </td>
                        <td>
                          modelname
                        </td>
                      </tr>
                       
                      <tr
                        style="vertical-align: top;"
                      >
                        <td>
                          <label>
                            模型描述 : 
                          </label>
                        </td>
                        <td>
                          
                        </td>
                      </tr>
                       
                      <tr
                        style="vertical-align: top;"
                      >
                        <td>
                          <label>
                            创建时间 : 
                          </label>
                        </td>
                        <td>
                          createtime
                        </td>
                      </tr>
                       
                      <tr
                        style="vertical-align: top;"
                      >
                        <td>
                          <label>
                            最后更新时间 : 
                          </label>
                        </td>
                        <td>
                          updatetime
                        </td>
                      </tr>
                    </table>
                     
                  </div>
                  <span
                    aria-describedby="el-popover-2127"
                    class="el-popover__reference"
                    tabindex="0"
                  >
                    model2
                  </span>
                </span>
              </div>
            </td>
            <td
              class="el-table_1_column_5 is-left "
              colspan="1"
              rowspan="1"
            >
              <div
                class="cell"
              >
                2019-05-02
              </div>
            </td>
            <td
              class="el-table_1_column_6 is-left "
              colspan="1"
              rowspan="1"
            >
              <div
                class="cell"
              >
                2019-05-03
              </div>
            </td>
            <td
              class="el-table_1_column_7 is-left "
              colspan="1"
              rowspan="1"
            >
              <div
                class="cell el-tooltip"
                style="width: 110px;"
              />
            </td>
            <td
              class="el-table_1_column_8 is-left "
              colspan="1"
              rowspan="1"
            >
              <div
                class="cell"
              >
                <!---->
                 
                <!---->
                 
                <!---->
                 
                <!---->
                
        
      
              </div>
            </td>
            <td
              class="el-table_1_column_9 is-center "
              colspan="1"
              rowspan="1"
            >
              <div
                class="cell"
              >
                <div
                  class="el-switch"
                  role="switch"
                >
                  <input
                    class="el-switch__input"
                    name=""
                    true-value="true"
                    type="checkbox"
                  />
                  <!---->
                  <span
                    class="el-switch__core"
                    style="width: 40px; border-color: #ccc; background-color: rgb(204, 204, 204);"
                  />
                  <!---->
                </div>
              </div>
            </td>
            <td
              class="el-table_1_column_10 is-center "
              colspan="1"
              rowspan="1"
            >
              <div
                class="cell"
              >
                <div
                  style="height: 36px;"
                >
                  <button
                    class="el-button el-button--default el-button--small is-plain"
                    style="width: 96px;"
                    type="button"
                  >
                    <!---->
                    <!---->
                    <span>
                      调用信息
                    </span>
                  </button>
                   
                  <button
                    class="el-button el-button--default el-button--small is-plain"
                    style="width: 64px;"
                    type="button"
                  >
                    <!---->
                    <!---->
                    <span>
                      测试
                    </span>
                  </button>
                   
                  <button
                    class="el-button el-button--default el-button--small is-plain"
                    style="width: 64px;"
                    type="button"
                  >
                    <!---->
                    <!---->
                    <span>
                      更新
                    </span>
                  </button>
                   
                  <div
                    class="el-dropdown"
                  >
                    <span
                      aria-controls="dropdown-menu-8702"
                      aria-haspopup="list"
                      class=" el-dropdown-selfdefine"
                      role="button"
                      tabindex="0"
                    >
                      <button
                        class="el-button moreOperator el-button--default el-button--small is-circle"
                        style="width: 28px; border-radius: 14px;"
                        type="button"
                      >
                        <!---->
                        <!---->
                        <span>
                          ...
                        </span>
                      </button>
                    </span>
                     
                    <ul
                      class="el-dropdown-menu el-popper"
                      id="dropdown-menu-8702"
                      style="display: none;"
                    >
                      <li
                        class="el-dropdown-menu__item"
                        tabindex="-1"
                      >
                        <!---->
                        编辑
                      </li>
                       
                      <li
                        class="el-dropdown-menu__item el-dropdown-menu__item--divided"
                        tabindex="-1"
                      >
                        <!---->
                        删除
                      </li>
                    </ul>
                  </div>
                </div>
              </div>
            </td>
          </tr>
          <!---->
        </tbody>
      </table>
      <!---->
      <!---->
    </div>
    <!---->
    <div
      class="el-table__fixed"
      style="width: 184px;"
    >
      <div
        class="el-table__fixed-header-wrapper"
      >
        <table
          border="0"
          cellpadding="0"
          cellspacing="0"
          class="el-table__header"
          style="width: 1634px;"
        >
          <colgroup>
            <col
              name="el-table_1_column_1"
              width="48"
            />
            <col
              name="el-table_1_column_2"
              width="136"
            />
            <col
              name="el-table_1_column_3"
              width="160"
            />
            <col
              name="el-table_1_column_4"
              width="160"
            />
            <col
              name="el-table_1_column_5"
              width="250"
            />
            <col
              name="el-table_1_column_6"
              width="250"
            />
            <col
              name="el-table_1_column_7"
              width="112"
            />
            <col
              name="el-table_1_column_8"
              width="104"
            />
            <col
              name="el-table_1_column_9"
              width="50"
            />
            <col
              name="el-table_1_column_10"
              width="364"
            />
          </colgroup>
          <thead
            class=""
          >
            <tr
              class=""
            >
              <th
                class="el-table_1_column_1  is-center el-table-column--selection  is-leaf"
                colspan="1"
                rowspan="1"
              >
                <div
                  class="cell"
                >
                  <label
                    class="el-checkbox"
                    role="checkbox"
                  >
                    <span
                      aria-checked="mixed"
                      class="el-checkbox__input"
                    >
                      <span
                        class="el-checkbox__inner"
                      />
                      <input
                        aria-hidden="true"
                        class="el-checkbox__original"
                        type="checkbox"
                        value=""
                      />
                    </span>
                    <!---->
                  </label>
                </div>
              </th>
              <th
                class="el-table_1_column_2  is-left   is-leaf"
                colspan="1"
                rowspan="1"
              >
                <div
                  class="cell"
                >
                  服务名称
                </div>
              </th>
              <th
                class="el-table_1_column_3  is-left   is-hidden is-leaf"
                colspan="1"
                rowspan="1"
              >
                <div
                  class="cell"
                >
                  描述
                </div>
              </th>
              <th
                class="el-table_1_column_4  is-left   is-hidden is-leaf"
                colspan="1"
                rowspan="1"
              >
                <div
                  class="cell"
                >
                  调用模型
                </div>
              </th>
              <th
                class="el-table_1_column_5  is-left   is-hidden is-leaf"
                colspan="1"
                rowspan="1"
              >
                <div
                  class="cell"
                >
                  创建时间
                </div>
              </th>
              <th
                class="el-table_1_column_6  is-left   is-hidden is-leaf"
                colspan="1"
                rowspan="1"
              >
                <div
                  class="cell"
                >
                  最后更新时间
                </div>
              </th>
              <th
                class="el-table_1_column_7  is-left   is-hidden is-leaf"
                colspan="1"
                rowspan="1"
              >
                <div
                  class="cell"
                >
                  创建者
                </div>
              </th>
              <th
                class="el-table_1_column_8  is-left   is-hidden is-leaf"
                colspan="1"
                rowspan="1"
              >
                <div
                  class="cell"
                >
                  状态
                </div>
              </th>
              <th
                class="el-table_1_column_9  is-center   is-hidden is-leaf"
                colspan="1"
                rowspan="1"
              >
                <div
                  class="cell"
                >
                  发布
                </div>
              </th>
              <th
                class="el-table_1_column_10  is-center   is-hidden is-leaf"
                colspan="1"
                rowspan="1"
              >
                <div
                  class="cell"
                >
                  操作
                </div>
              </th>
            </tr>
          </thead>
        </table>
      </div>
      <div
        class="el-table__fixed-body-wrapper"
        style="top: 0px;"
      >
        <table
          border="0"
          cellpadding="0"
          cellspacing="0"
          class="el-table__body"
          style="width: 1634px;"
        >
          <colgroup>
            <col
              name="el-table_1_column_1"
              width="48"
            />
            <col
              name="el-table_1_column_2"
              width="136"
            />
            <col
              name="el-table_1_column_3"
              width="160"
            />
            <col
              name="el-table_1_column_4"
              width="160"
            />
            <col
              name="el-table_1_column_5"
              width="250"
            />
            <col
              name="el-table_1_column_6"
              width="250"
            />
            <col
              name="el-table_1_column_7"
              width="112"
            />
            <col
              name="el-table_1_column_8"
              width="104"
            />
            <col
              name="el-table_1_column_9"
              width="50"
            />
            <col
              name="el-table_1_column_10"
              width="364"
            />
          </colgroup>
          <tbody>
            <tr
              class="el-table__row"
            >
              <td
                class="el-table_1_column_1 is-center el-table-column--selection"
                colspan="1"
                rowspan="1"
              >
                <div
                  class="cell"
                >
                  <label
                    class="el-checkbox"
                    role="checkbox"
                  >
                    <span
                      aria-checked="mixed"
                      class="el-checkbox__input"
                    >
                      <span
                        class="el-checkbox__inner"
                      />
                      <input
                        aria-hidden="true"
                        class="el-checkbox__original"
                        type="checkbox"
                        value=""
                      />
                    </span>
                    <!---->
                  </label>
                </div>
              </td>
              <td
                class="el-table_1_column_2 is-left "
                colspan="1"
                rowspan="1"
              >
                <div
                  class="cell el-tooltip"
                  style="width: 134px;"
                >
                  <span>
                    服务1
                  </span>
                </div>
              </td>
              <td
                class="el-table_1_column_3 is-left  is-hidden"
                colspan="1"
                rowspan="1"
              >
                <div
                  class="cell el-tooltip"
                  style="width: 158px;"
                >
                  <span>
                    上海市普陀区金沙江路 1518 弄
                  </span>
                </div>
              </td>
              <td
                class="el-table_1_column_4 is-left  is-hidden"
                colspan="1"
                rowspan="1"
              >
                <div
                  class="cell"
                >
                  <span
                    class="realproject"
                  >
                    <div
                      aria-hidden="true"
                      class="el-popover el-popper"
                      id="el-popover-9155"
                      role="tooltip"
                      style="width: 488px; display: none;"
                      tabindex="0"
                    >
                      <div
                        class="el-popover__title"
                      >
                        模型详情
                      </div>
                      <div
                        class="el-divider el-divider--horizontal"
                      />
                       
                      <table
                        class="dialogDetail"
                      >
                        <tr
                          style="vertical-align: top;"
                        >
                          <td>
                            <label>
                              模型名称 : 
                            </label>
                          </td>
                          <td>
                            modelname
                          </td>
                        </tr>
                         
                        <tr
                          style="vertical-align: top;"
                        >
                          <td>
                            <label>
                              模型描述 : 
                            </label>
                          </td>
                          <td>
                            
                          </td>
                        </tr>
                         
                        <tr
                          style="vertical-align: top;"
                        >
                          <td>
                            <label>
                              创建时间 : 
                            </label>
                          </td>
                          <td>
                            createtime
                          </td>
                        </tr>
                         
                        <tr
                          style="vertical-align: top;"
                        >
                          <td>
                            <label>
                              最后更新时间 : 
                            </label>
                          </td>
                          <td>
                            updatetime
                          </td>
                        </tr>
                      </table>
                       
                    </div>
                    <span
                      aria-describedby="el-popover-9155"
                      class="el-popover__reference"
                      tabindex="0"
                    >
                      model1
                    </span>
                  </span>
                </div>
              </td>
              <td
                class="el-table_1_column_5 is-left  is-hidden"
                colspan="1"
                rowspan="1"
              >
                <div
                  class="cell"
                >
                  2016-05-02
                </div>
              </td>
              <td
                class="el-table_1_column_6 is-left  is-hidden"
                colspan="1"
                rowspan="1"
              >
                <div
                  class="cell"
                >
                  2016-05-03
                </div>
              </td>
              <td
                class="el-table_1_column_7 is-left  is-hidden"
                colspan="1"
                rowspan="1"
              >
                <div
                  class="cell el-tooltip"
                  style="width: 110px;"
                />
              </td>
              <td
                class="el-table_1_column_8 is-left  is-hidden"
                colspan="1"
                rowspan="1"
              >
                <div
                  class="cell"
                >
                  <!---->
                   
                  <!---->
                   
                  <!---->
                   
                  <!---->
                  
        
      
                </div>
              </td>
              <td
                class="el-table_1_column_9 is-center  is-hidden"
                colspan="1"
                rowspan="1"
              >
                <div
                  class="cell"
                >
                  <div
                    class="el-switch"
                    role="switch"
                  >
                    <input
                      class="el-switch__input"
                      name=""
                      true-value="true"
                      type="checkbox"
                    />
                    <!---->
                    <span
                      class="el-switch__core"
                      style="width: 40px; border-color: #ccc; background-color: rgb(204, 204, 204);"
                    />
                    <!---->
                  </div>
                </div>
              </td>
              <td
                class="el-table_1_column_10 is-center  is-hidden"
                colspan="1"
                rowspan="1"
              >
                <div
                  class="cell"
                >
                  <div
                    style="height: 36px;"
                  >
                    <button
                      class="el-button el-button--default el-button--small is-plain"
                      style="width: 96px;"
                      type="button"
                    >
                      <!---->
                      <!---->
                      <span>
                        调用信息
                      </span>
                    </button>
                     
                    <button
                      class="el-button el-button--default el-button--small is-plain"
                      style="width: 64px;"
                      type="button"
                    >
                      <!---->
                      <!---->
                      <span>
                        测试
                      </span>
                    </button>
                     
                    <button
                      class="el-button el-button--default el-button--small is-plain"
                      style="width: 64px;"
                      type="button"
                    >
                      <!---->
                      <!---->
                      <span>
                        更新
                      </span>
                    </button>
                     
                    <div
                      class="el-dropdown"
                    >
                      <span
                        aria-controls="dropdown-menu-4529"
                        aria-haspopup="list"
                        class=" el-dropdown-selfdefine"
                        role="button"
                        tabindex="0"
                      >
                        <button
                          class="el-button moreOperator el-button--default el-button--small is-circle"
                          style="width: 28px; border-radius: 14px;"
                          type="button"
                        >
                          <!---->
                          <!---->
                          <span>
                            ...
                          </span>
                        </button>
                      </span>
                       
                      <ul
                        class="el-dropdown-menu el-popper"
                        id="dropdown-menu-4529"
                        style="display: none;"
                      >
                        <li
                          class="el-dropdown-menu__item"
                          tabindex="-1"
                        >
                          <!---->
                          编辑
                        </li>
                         
                        <li
                          class="el-dropdown-menu__item el-dropdown-menu__item--divided"
                          tabindex="-1"
                        >
                          <!---->
                          删除
                        </li>
                      </ul>
                    </div>
                  </div>
                </div>
              </td>
            </tr>
            <tr
              class="el-table__row"
            >
              <td
                class="el-table_1_column_1 is-center el-table-column--selection"
                colspan="1"
                rowspan="1"
              >
                <div
                  class="cell"
                >
                  <label
                    class="el-checkbox"
                    role="checkbox"
                  >
                    <span
                      aria-checked="mixed"
                      class="el-checkbox__input"
                    >
                      <span
                        class="el-checkbox__inner"
                      />
                      <input
                        aria-hidden="true"
                        class="el-checkbox__original"
                        type="checkbox"
                        value=""
                      />
                    </span>
                    <!---->
                  </label>
                </div>
              </td>
              <td
                class="el-table_1_column_2 is-left "
                colspan="1"
                rowspan="1"
              >
                <div
                  class="cell el-tooltip"
                  style="width: 134px;"
                >
                  <span>
                    服务2
                  </span>
                </div>
              </td>
              <td
                class="el-table_1_column_3 is-left  is-hidden"
                colspan="1"
                rowspan="1"
              >
                <div
                  class="cell el-tooltip"
                  style="width: 158px;"
                >
                  <span>
                    上海市普陀区金沙江路 1518 弄2
                  </span>
                </div>
              </td>
              <td
                class="el-table_1_column_4 is-left  is-hidden"
                colspan="1"
                rowspan="1"
              >
                <div
                  class="cell"
                >
                  <span
                    class="realproject"
                  >
                    <div
                      aria-hidden="true"
                      class="el-popover el-popper"
                      id="el-popover-306"
                      role="tooltip"
                      style="width: 488px; display: none;"
                      tabindex="0"
                    >
                      <div
                        class="el-popover__title"
                      >
                        模型详情
                      </div>
                      <div
                        class="el-divider el-divider--horizontal"
                      />
                       
                      <table
                        class="dialogDetail"
                      >
                        <tr
                          style="vertical-align: top;"
                        >
                          <td>
                            <label>
                              模型名称 : 
                            </label>
                          </td>
                          <td>
                            modelname
                          </td>
                        </tr>
                         
                        <tr
                          style="vertical-align: top;"
                        >
                          <td>
                            <label>
                              模型描述 : 
                            </label>
                          </td>
                          <td>
                            
                          </td>
                        </tr>
                         
                        <tr
                          style="vertical-align: top;"
                        >
                          <td>
                            <label>
                              创建时间 : 
                            </label>
                          </td>
                          <td>
                            createtime
                          </td>
                        </tr>
                         
                        <tr
                          style="vertical-align: top;"
                        >
                          <td>
                            <label>
                              最后更新时间 : 
                            </label>
                          </td>
                          <td>
                            updatetime
                          </td>
                        </tr>
                      </table>
                       
                    </div>
                    <span
                      aria-describedby="el-popover-306"
                      class="el-popover__reference"
                      tabindex="0"
                    >
                      model2
                    </span>
                  </span>
                </div>
              </td>
              <td
                class="el-table_1_column_5 is-left  is-hidden"
                colspan="1"
                rowspan="1"
              >
                <div
                  class="cell"
                >
                  2019-05-02
                </div>
              </td>
              <td
                class="el-table_1_column_6 is-left  is-hidden"
                colspan="1"
                rowspan="1"
              >
                <div
                  class="cell"
                >
                  2019-05-03
                </div>
              </td>
              <td
                class="el-table_1_column_7 is-left  is-hidden"
                colspan="1"
                rowspan="1"
              >
                <div
                  class="cell el-tooltip"
                  style="width: 110px;"
                />
              </td>
              <td
                class="el-table_1_column_8 is-left  is-hidden"
                colspan="1"
                rowspan="1"
              >
                <div
                  class="cell"
                >
                  <!---->
                   
                  <!---->
                   
                  <!---->
                   
                  <!---->
                  
        
      
                </div>
              </td>
              <td
                class="el-table_1_column_9 is-center  is-hidden"
                colspan="1"
                rowspan="1"
              >
                <div
                  class="cell"
                >
                  <div
                    class="el-switch"
                    role="switch"
                  >
                    <input
                      class="el-switch__input"
                      name=""
                      true-value="true"
                      type="checkbox"
                    />
                    <!---->
                    <span
                      class="el-switch__core"
                      style="width: 40px; border-color: #ccc; background-color: rgb(204, 204, 204);"
                    />
                    <!---->
                  </div>
                </div>
              </td>
              <td
                class="el-table_1_column_10 is-center  is-hidden"
                colspan="1"
                rowspan="1"
              >
                <div
                  class="cell"
                >
                  <div
                    style="height: 36px;"
                  >
                    <button
                      class="el-button el-button--default el-button--small is-plain"
                      style="width: 96px;"
                      type="button"
                    >
                      <!---->
                      <!---->
                      <span>
                        调用信息
                      </span>
                    </button>
                     
                    <button
                      class="el-button el-button--default el-button--small is-plain"
                      style="width: 64px;"
                      type="button"
                    >
                      <!---->
                      <!---->
                      <span>
                        测试
                      </span>
                    </button>
                     
                    <button
                      class="el-button el-button--default el-button--small is-plain"
                      style="width: 64px;"
                      type="button"
                    >
                      <!---->
                      <!---->
                      <span>
                        更新
                      </span>
                    </button>
                     
                    <div
                      class="el-dropdown"
                    >
                      <span
                        aria-controls="dropdown-menu-2183"
                        aria-haspopup="list"
                        class=" el-dropdown-selfdefine"
                        role="button"
                        tabindex="0"
                      >
                        <button
                          class="el-button moreOperator el-button--default el-button--small is-circle"
                          style="width: 28px; border-radius: 14px;"
                          type="button"
                        >
                          <!---->
                          <!---->
                          <span>
                            ...
                          </span>
                        </button>
                      </span>
                       
                      <ul
                        class="el-dropdown-menu el-popper"
                        id="dropdown-menu-2183"
                        style="display: none;"
                      >
                        <li
                          class="el-dropdown-menu__item"
                          tabindex="-1"
                        >
                          <!---->
                          编辑
                        </li>
                         
                        <li
                          class="el-dropdown-menu__item el-dropdown-menu__item--divided"
                          tabindex="-1"
                        >
                          <!---->
                          删除
                        </li>
                      </ul>
                    </div>
                  </div>
                </div>
              </td>
            </tr>
            <!---->
          </tbody>
        </table>
        <!---->
      </div>
      <!---->
    </div>
    <!---->
    <!---->
    <div
      class="el-table__column-resize-proxy"
      style="display: none;"
    />
  </div>
</div>
`;
