// Jest Snapshot v1, https://goo.gl/fbAQLP

exports[`index.vue snapshot 1`] = `
<div
  class="app_container"
>
  <header
    class="el-header filter_header"
    style="height: 60px;"
  >
    <div
      class="service-model-filter"
    >
      <div
        class="prepend-select-input el-input el-input-group el-input-group--prepend el-input--suffix"
      >
        <div
          class="el-input-group__prepend"
        >
          <div
            class="el-select el-prepend-select"
          >
            <!---->
            <div
              class="el-input el-input--suffix"
            >
              <!---->
              <input
                autocomplete="off"
                class="el-input__inner"
                placeholder="请选择"
                readonly="readonly"
                type="text"
              />
              <!---->
              <span
                class="el-input__suffix"
              >
                <span
                  class="el-input__suffix-inner"
                >
                  <i
                    class="el-select__caret el-input__icon el-icon-arrow-up"
                  />
                  <!---->
                  <!---->
                  <!---->
                  <!---->
                  <!---->
                </span>
                <!---->
              </span>
              <!---->
              <!---->
            </div>
            <div
              class="el-select-dropdown el-popper"
              style="display: none;"
            >
              <div
                class="el-scrollbar"
                style=""
              >
                <div
                  class="el-select-dropdown__wrap el-scrollbar__wrap el-scrollbar__wrap--hidden-default"
                >
                  <ul
                    class="el-scrollbar__view el-select-dropdown__list"
                  >
                    <!---->
                    <li
                      class="el-select-dropdown__item selected"
                    >
                      <span>
                        服务名称
                      </span>
                    </li>
                     
                    <li
                      class="el-select-dropdown__item"
                    >
                      <span>
                        模型名称
                      </span>
                    </li>
                  </ul>
                </div>
                <div
                  class="el-scrollbar__bar is-horizontal"
                >
                  <div
                    class="el-scrollbar__thumb"
                    style="transform: translateX(0%); webkit-transform: translateX(0%);"
                  />
                </div>
                <div
                  class="el-scrollbar__bar is-vertical"
                >
                  <div
                    class="el-scrollbar__thumb"
                    style="transform: translateY(0%); webkit-transform: translateY(0%);"
                  />
                </div>
              </div>
              <!---->
            </div>
          </div>
        </div>
        <input
          autocomplete="off"
          class="el-input__inner"
          placeholder="请输入对应名称"
          type="text"
        />
        <!---->
        <span
          class="el-input__suffix"
        >
          <span
            class="el-input__suffix-inner"
          >
            <i
              class="el-input__icon el-icon-search"
            />
            <!---->
            <!---->
            <!---->
          </span>
          <!---->
        </span>
        <!---->
        <!---->
      </div>
       
      <div
        class="el-select normal-select"
      >
        <!---->
        <div
          class="el-input el-input--suffix"
        >
          <!---->
          <input
            autocomplete="off"
            class="el-input__inner"
            placeholder="关联模型"
            readonly="readonly"
            type="text"
          />
          <!---->
          <span
            class="el-input__suffix"
          >
            <span
              class="el-input__suffix-inner"
            >
              <i
                class="el-select__caret el-input__icon el-icon-arrow-up"
              />
              <!---->
              <!---->
              <!---->
              <!---->
              <!---->
            </span>
            <!---->
          </span>
          <!---->
          <!---->
        </div>
        <div
          class="el-select-dropdown el-popper"
          style="display: none;"
        >
          <div
            class="el-scrollbar"
            style=""
          >
            <div
              class="el-select-dropdown__wrap el-scrollbar__wrap el-scrollbar__wrap--hidden-default"
            >
              <ul
                class="el-scrollbar__view el-select-dropdown__list"
              >
                <!---->
                <li
                  class="el-select-dropdown__item selected"
                >
                  <span>
                    全部
                  </span>
                </li>
                <li
                  class="el-select-dropdown__item"
                >
                  <span>
                    发布服务
                  </span>
                </li>
                <li
                  class="el-select-dropdown__item"
                >
                  <span>
                    停用服务
                  </span>
                </li>
              </ul>
            </div>
            <div
              class="el-scrollbar__bar is-horizontal"
            >
              <div
                class="el-scrollbar__thumb"
                style="transform: translateX(0%); webkit-transform: translateX(0%);"
              />
            </div>
            <div
              class="el-scrollbar__bar is-vertical"
            >
              <div
                class="el-scrollbar__thumb"
                style="transform: translateY(0%); webkit-transform: translateY(0%);"
              />
            </div>
          </div>
          <!---->
        </div>
      </div>
       
      <div
        class="header-btn_creat"
      >
        <button
          class="el-button el-button--default"
          type="button"
        >
          <!---->
          <i
            class="el-icon-plus"
          />
          <span>
            添加服务
          </span>
        </button>
      </div>
    </div>
  </header>
   
  <main
    class="el-main main_container"
  >
    <div
      class="main-top-btn"
    >
      <button
        class="el-button el-button--default el-button--small is-plain main-top-btn-disabled"
        type="button"
      >
        <!---->
        <!---->
        <span>
          <svg
            aria-hidden="true"
            class="service_batch_on_d svg-icon"
          >
            <use
              xlink:href="#icon-service_batch_on_d"
            />
          </svg>
           
          <svg
            aria-hidden="true"
            class="service_batch_on_h svg-icon"
          >
            <use
              xlink:href="#icon-service_batch_on_h"
            />
          </svg>
           
          <svg
            aria-hidden="true"
            class="service_batch_on_c svg-icon"
          >
            <use
              xlink:href="#icon-service_batch_on_c"
            />
          </svg>
          
        批量发布
      
        </span>
      </button>
       
      <button
        class="el-button el-button--default el-button--small is-plain main-top-btn-disabled"
        type="button"
      >
        <!---->
        <!---->
        <span>
          <svg
            aria-hidden="true"
            class="service_batch_off_d svg-icon"
          >
            <use
              xlink:href="#icon-service_batch_off_d"
            />
          </svg>
           
          <svg
            aria-hidden="true"
            class="service_batch_off_h svg-icon"
          >
            <use
              xlink:href="#icon-service_batch_off_h"
            />
          </svg>
           
          <svg
            aria-hidden="true"
            class="service_batch_off_c svg-icon"
          >
            <use
              xlink:href="#icon-service_batch_off_c"
            />
          </svg>
          
        批量停用
      
        </span>
      </button>
       
      <button
        class="el-button el-button--default el-button--small is-plain main-top-btn-disabled"
        type="button"
      >
        <!---->
        <!---->
        <span>
          <svg
            aria-hidden="true"
            class="service_batch_update_d svg-icon"
          >
            <use
              xlink:href="#icon-service_batch_update_d"
            />
          </svg>
           
          <svg
            aria-hidden="true"
            class="service_batch_update_h svg-icon"
          >
            <use
              xlink:href="#icon-service_batch_update_h"
            />
          </svg>
           
          <svg
            aria-hidden="true"
            class="service_batch_update_c svg-icon"
          >
            <use
              xlink:href="#icon-service_batch_update_c"
            />
          </svg>
          
        批量更新
      
        </span>
      </button>
    </div>
     
    <div
      class="el-divider el-divider--horizontal"
    />
     
    <div
      style="height: 630px;"
    >
      <div
        style="height: 630px;"
      >
        <div
          class="el-table el-table--fit el-table--scrollable-x el-table--enable-row-transition el-loading-parent--relative"
          style="width: 100%; height: 615px; overflow-y: auto;"
        >
          <div
            class="hidden-columns"
          >
            <div />
             
            <div />
             
            <div />
             
            <div />
             
            <div />
             
            <div />
             
            <div />
             
            <div />
             
            <div />
             
            <div />
          </div>
          <div
            class="el-table__header-wrapper"
          >
            <table
              border="0"
              cellpadding="0"
              cellspacing="0"
              class="el-table__header"
              style="width: 1634px;"
            >
              <colgroup>
                <col
                  name="el-table_6_column_51"
                  width="48"
                />
                <col
                  name="el-table_6_column_52"
                  width="136"
                />
                <col
                  name="el-table_6_column_53"
                  width="160"
                />
                <col
                  name="el-table_6_column_54"
                  width="160"
                />
                <col
                  name="el-table_6_column_55"
                  width="250"
                />
                <col
                  name="el-table_6_column_56"
                  width="250"
                />
                <col
                  name="el-table_6_column_57"
                  width="112"
                />
                <col
                  name="el-table_6_column_58"
                  width="104"
                />
                <col
                  name="el-table_6_column_59"
                  width="50"
                />
                <col
                  name="el-table_6_column_60"
                  width="364"
                />
              </colgroup>
              <thead
                class=""
              >
                <tr
                  class=""
                >
                  <th
                    class="el-table_6_column_51  is-center el-table-column--selection  is-hidden is-leaf"
                    colspan="1"
                    rowspan="1"
                  >
                    <div
                      class="cell"
                    >
                      <label
                        class="el-checkbox"
                        role="checkbox"
                      >
                        <span
                          aria-checked="mixed"
                          class="el-checkbox__input"
                        >
                          <span
                            class="el-checkbox__inner"
                          />
                          <input
                            aria-hidden="true"
                            class="el-checkbox__original"
                            type="checkbox"
                            value=""
                          />
                        </span>
                        <!---->
                      </label>
                    </div>
                  </th>
                  <th
                    class="el-table_6_column_52  is-left   is-hidden is-leaf"
                    colspan="1"
                    rowspan="1"
                  >
                    <div
                      class="cell"
                    >
                      服务名称
                    </div>
                  </th>
                  <th
                    class="el-table_6_column_53  is-left   is-leaf"
                    colspan="1"
                    rowspan="1"
                  >
                    <div
                      class="cell"
                    >
                      描述
                    </div>
                  </th>
                  <th
                    class="el-table_6_column_54  is-left   is-leaf"
                    colspan="1"
                    rowspan="1"
                  >
                    <div
                      class="cell"
                    >
                      调用模型
                    </div>
                  </th>
                  <th
                    class="el-table_6_column_55  is-left   is-leaf"
                    colspan="1"
                    rowspan="1"
                  >
                    <div
                      class="cell"
                    >
                      创建时间
                    </div>
                  </th>
                  <th
                    class="el-table_6_column_56  is-left   is-leaf"
                    colspan="1"
                    rowspan="1"
                  >
                    <div
                      class="cell"
                    >
                      最后更新时间
                    </div>
                  </th>
                  <th
                    class="el-table_6_column_57  is-left   is-leaf"
                    colspan="1"
                    rowspan="1"
                  >
                    <div
                      class="cell"
                    >
                      创建者
                    </div>
                  </th>
                  <th
                    class="el-table_6_column_58  is-left   is-leaf"
                    colspan="1"
                    rowspan="1"
                  >
                    <div
                      class="cell"
                    >
                      状态
                    </div>
                  </th>
                  <th
                    class="el-table_6_column_59  is-center   is-leaf"
                    colspan="1"
                    rowspan="1"
                  >
                    <div
                      class="cell"
                    >
                      发布
                    </div>
                  </th>
                  <th
                    class="el-table_6_column_60  is-center   is-leaf"
                    colspan="1"
                    rowspan="1"
                  >
                    <div
                      class="cell"
                    >
                      操作
                    </div>
                  </th>
                </tr>
              </thead>
            </table>
          </div>
          <div
            class="el-table__body-wrapper is-scrolling-left"
          >
            <table
              border="0"
              cellpadding="0"
              cellspacing="0"
              class="el-table__body"
              style="width: 1634px;"
            >
              <colgroup>
                <col
                  name="el-table_6_column_51"
                  width="48"
                />
                <col
                  name="el-table_6_column_52"
                  width="136"
                />
                <col
                  name="el-table_6_column_53"
                  width="160"
                />
                <col
                  name="el-table_6_column_54"
                  width="160"
                />
                <col
                  name="el-table_6_column_55"
                  width="250"
                />
                <col
                  name="el-table_6_column_56"
                  width="250"
                />
                <col
                  name="el-table_6_column_57"
                  width="112"
                />
                <col
                  name="el-table_6_column_58"
                  width="104"
                />
                <col
                  name="el-table_6_column_59"
                  width="50"
                />
                <col
                  name="el-table_6_column_60"
                  width="364"
                />
              </colgroup>
              <tbody>
                <tr
                  class="el-table__row"
                >
                  <td
                    class="el-table_6_column_51 is-center el-table-column--selection is-hidden"
                    colspan="1"
                    rowspan="1"
                  >
                    <div
                      class="cell"
                    >
                      <label
                        class="el-checkbox"
                        role="checkbox"
                      >
                        <span
                          aria-checked="mixed"
                          class="el-checkbox__input"
                        >
                          <span
                            class="el-checkbox__inner"
                          />
                          <input
                            aria-hidden="true"
                            class="el-checkbox__original"
                            type="checkbox"
                            value=""
                          />
                        </span>
                        <!---->
                      </label>
                    </div>
                  </td>
                  <td
                    class="el-table_6_column_52 is-left  is-hidden"
                    colspan="1"
                    rowspan="1"
                  >
                    <div
                      class="cell el-tooltip"
                      style="width: 134px;"
                    >
                      <span>
                        服务1
                      </span>
                    </div>
                  </td>
                  <td
                    class="el-table_6_column_53 is-left "
                    colspan="1"
                    rowspan="1"
                  >
                    <div
                      class="cell el-tooltip"
                      style="width: 158px;"
                    >
                      <span>
                        上海市普陀区金沙江路 1518 弄
                      </span>
                    </div>
                  </td>
                  <td
                    class="el-table_6_column_54 is-left "
                    colspan="1"
                    rowspan="1"
                  >
                    <div
                      class="cell"
                    >
                      <span
                        class="realproject"
                      >
                        <div
                          aria-hidden="true"
                          class="el-popover el-popper"
                          id="el-popover-3014"
                          role="tooltip"
                          style="width: 488px; display: none;"
                          tabindex="0"
                        >
                          <div
                            class="el-popover__title"
                          >
                            模型详情
                          </div>
                          <div
                            class="el-divider el-divider--horizontal"
                          />
                           
                          <table
                            class="dialogDetail"
                          >
                            <tr
                              style="vertical-align: top;"
                            >
                              <td>
                                <label>
                                  模型名称 : 
                                </label>
                              </td>
                              <td>
                                
                              </td>
                            </tr>
                             
                            <tr
                              style="vertical-align: top;"
                            >
                              <td>
                                <label>
                                  模型描述 : 
                                </label>
                              </td>
                              <td>
                                
                              </td>
                            </tr>
                             
                            <tr
                              style="vertical-align: top;"
                            >
                              <td>
                                <label>
                                  创建时间 : 
                                </label>
                              </td>
                              <td>
                                
                              </td>
                            </tr>
                             
                            <tr
                              style="vertical-align: top;"
                            >
                              <td>
                                <label>
                                  最后更新时间 : 
                                </label>
                              </td>
                              <td>
                                
                              </td>
                            </tr>
                          </table>
                           
                        </div>
                        <span
                          aria-describedby="el-popover-3014"
                          class="el-popover__reference"
                          tabindex="0"
                        >
                          model1
                        </span>
                      </span>
                    </div>
                  </td>
                  <td
                    class="el-table_6_column_55 is-left "
                    colspan="1"
                    rowspan="1"
                  >
                    <div
                      class="cell"
                    >
                      2016-05-02
                    </div>
                  </td>
                  <td
                    class="el-table_6_column_56 is-left "
                    colspan="1"
                    rowspan="1"
                  >
                    <div
                      class="cell"
                    >
                      2016-05-03
                    </div>
                  </td>
                  <td
                    class="el-table_6_column_57 is-left "
                    colspan="1"
                    rowspan="1"
                  >
                    <div
                      class="cell el-tooltip"
                      style="width: 110px;"
                    />
                  </td>
                  <td
                    class="el-table_6_column_58 is-left "
                    colspan="1"
                    rowspan="1"
                  >
                    <div
                      class="cell"
                    >
                      <!---->
                       
                      <!---->
                       
                      <!---->
                       
                      <!---->
                      
        
      
                    </div>
                  </td>
                  <td
                    class="el-table_6_column_59 is-center "
                    colspan="1"
                    rowspan="1"
                  >
                    <div
                      class="cell"
                    >
                      <div
                        class="el-switch"
                        role="switch"
                      >
                        <input
                          class="el-switch__input"
                          name=""
                          true-value="true"
                          type="checkbox"
                        />
                        <!---->
                        <span
                          class="el-switch__core"
                          style="width: 40px; border-color: #ccc; background-color: rgb(204, 204, 204);"
                        />
                        <!---->
                      </div>
                    </div>
                  </td>
                  <td
                    class="el-table_6_column_60 is-center "
                    colspan="1"
                    rowspan="1"
                  >
                    <div
                      class="cell"
                    >
                      <div
                        style="height: 36px;"
                      >
                        <button
                          class="el-button el-button--default el-button--small is-plain"
                          style="width: 96px;"
                          type="button"
                        >
                          <!---->
                          <!---->
                          <span>
                            调用信息
                          </span>
                        </button>
                         
                        <button
                          class="el-button el-button--default el-button--small is-plain"
                          style="width: 64px;"
                          type="button"
                        >
                          <!---->
                          <!---->
                          <span>
                            测试
                          </span>
                        </button>
                         
                        <button
                          class="el-button el-button--default el-button--small is-plain"
                          style="width: 64px;"
                          type="button"
                        >
                          <!---->
                          <!---->
                          <span>
                            更新
                          </span>
                        </button>
                         
                        <div
                          class="el-dropdown"
                        >
                          <span
                            aria-controls="dropdown-menu-7247"
                            aria-haspopup="list"
                            class=" el-dropdown-selfdefine"
                            role="button"
                            tabindex="0"
                          >
                            <button
                              class="el-button moreOperator el-button--default el-button--small is-circle"
                              style="width: 28px; border-radius: 14px;"
                              type="button"
                            >
                              <!---->
                              <!---->
                              <span>
                                ...
                              </span>
                            </button>
                          </span>
                           
                          <ul
                            class="el-dropdown-menu el-popper"
                            id="dropdown-menu-7247"
                            style="display: none;"
                          >
                            <li
                              class="el-dropdown-menu__item"
                              tabindex="-1"
                            >
                              <!---->
                              编辑
                            </li>
                             
                            <li
                              class="el-dropdown-menu__item el-dropdown-menu__item--divided"
                              tabindex="-1"
                            >
                              <!---->
                              删除
                            </li>
                          </ul>
                        </div>
                      </div>
                    </div>
                  </td>
                </tr>
                <tr
                  class="el-table__row"
                >
                  <td
                    class="el-table_6_column_51 is-center el-table-column--selection is-hidden"
                    colspan="1"
                    rowspan="1"
                  >
                    <div
                      class="cell"
                    >
                      <label
                        class="el-checkbox"
                        role="checkbox"
                      >
                        <span
                          aria-checked="mixed"
                          class="el-checkbox__input"
                        >
                          <span
                            class="el-checkbox__inner"
                          />
                          <input
                            aria-hidden="true"
                            class="el-checkbox__original"
                            type="checkbox"
                            value=""
                          />
                        </span>
                        <!---->
                      </label>
                    </div>
                  </td>
                  <td
                    class="el-table_6_column_52 is-left  is-hidden"
                    colspan="1"
                    rowspan="1"
                  >
                    <div
                      class="cell el-tooltip"
                      style="width: 134px;"
                    >
                      <span>
                        服务2
                      </span>
                    </div>
                  </td>
                  <td
                    class="el-table_6_column_53 is-left "
                    colspan="1"
                    rowspan="1"
                  >
                    <div
                      class="cell el-tooltip"
                      style="width: 158px;"
                    >
                      <span>
                        上海市普陀区金沙江路 1518 弄2
                      </span>
                    </div>
                  </td>
                  <td
                    class="el-table_6_column_54 is-left "
                    colspan="1"
                    rowspan="1"
                  >
                    <div
                      class="cell"
                    >
                      <span
                        class="realproject"
                      >
                        <div
                          aria-hidden="true"
                          class="el-popover el-popper"
                          id="el-popover-5027"
                          role="tooltip"
                          style="width: 488px; display: none;"
                          tabindex="0"
                        >
                          <div
                            class="el-popover__title"
                          >
                            模型详情
                          </div>
                          <div
                            class="el-divider el-divider--horizontal"
                          />
                           
                          <table
                            class="dialogDetail"
                          >
                            <tr
                              style="vertical-align: top;"
                            >
                              <td>
                                <label>
                                  模型名称 : 
                                </label>
                              </td>
                              <td>
                                
                              </td>
                            </tr>
                             
                            <tr
                              style="vertical-align: top;"
                            >
                              <td>
                                <label>
                                  模型描述 : 
                                </label>
                              </td>
                              <td>
                                
                              </td>
                            </tr>
                             
                            <tr
                              style="vertical-align: top;"
                            >
                              <td>
                                <label>
                                  创建时间 : 
                                </label>
                              </td>
                              <td>
                                
                              </td>
                            </tr>
                             
                            <tr
                              style="vertical-align: top;"
                            >
                              <td>
                                <label>
                                  最后更新时间 : 
                                </label>
                              </td>
                              <td>
                                
                              </td>
                            </tr>
                          </table>
                           
                        </div>
                        <span
                          aria-describedby="el-popover-5027"
                          class="el-popover__reference"
                          tabindex="0"
                        >
                          model2
                        </span>
                      </span>
                    </div>
                  </td>
                  <td
                    class="el-table_6_column_55 is-left "
                    colspan="1"
                    rowspan="1"
                  >
                    <div
                      class="cell"
                    >
                      2019-05-02
                    </div>
                  </td>
                  <td
                    class="el-table_6_column_56 is-left "
                    colspan="1"
                    rowspan="1"
                  >
                    <div
                      class="cell"
                    >
                      2019-05-03
                    </div>
                  </td>
                  <td
                    class="el-table_6_column_57 is-left "
                    colspan="1"
                    rowspan="1"
                  >
                    <div
                      class="cell el-tooltip"
                      style="width: 110px;"
                    />
                  </td>
                  <td
                    class="el-table_6_column_58 is-left "
                    colspan="1"
                    rowspan="1"
                  >
                    <div
                      class="cell"
                    >
                      <!---->
                       
                      <!---->
                       
                      <!---->
                       
                      <!---->
                      
        
      
                    </div>
                  </td>
                  <td
                    class="el-table_6_column_59 is-center "
                    colspan="1"
                    rowspan="1"
                  >
                    <div
                      class="cell"
                    >
                      <div
                        class="el-switch"
                        role="switch"
                      >
                        <input
                          class="el-switch__input"
                          name=""
                          true-value="true"
                          type="checkbox"
                        />
                        <!---->
                        <span
                          class="el-switch__core"
                          style="width: 40px; border-color: #ccc; background-color: rgb(204, 204, 204);"
                        />
                        <!---->
                      </div>
                    </div>
                  </td>
                  <td
                    class="el-table_6_column_60 is-center "
                    colspan="1"
                    rowspan="1"
                  >
                    <div
                      class="cell"
                    >
                      <div
                        style="height: 36px;"
                      >
                        <button
                          class="el-button el-button--default el-button--small is-plain"
                          style="width: 96px;"
                          type="button"
                        >
                          <!---->
                          <!---->
                          <span>
                            调用信息
                          </span>
                        </button>
                         
                        <button
                          class="el-button el-button--default el-button--small is-plain"
                          style="width: 64px;"
                          type="button"
                        >
                          <!---->
                          <!---->
                          <span>
                            测试
                          </span>
                        </button>
                         
                        <button
                          class="el-button el-button--default el-button--small is-plain"
                          style="width: 64px;"
                          type="button"
                        >
                          <!---->
                          <!---->
                          <span>
                            更新
                          </span>
                        </button>
                         
                        <div
                          class="el-dropdown"
                        >
                          <span
                            aria-controls="dropdown-menu-9418"
                            aria-haspopup="list"
                            class=" el-dropdown-selfdefine"
                            role="button"
                            tabindex="0"
                          >
                            <button
                              class="el-button moreOperator el-button--default el-button--small is-circle"
                              style="width: 28px; border-radius: 14px;"
                              type="button"
                            >
                              <!---->
                              <!---->
                              <span>
                                ...
                              </span>
                            </button>
                          </span>
                           
                          <ul
                            class="el-dropdown-menu el-popper"
                            id="dropdown-menu-9418"
                            style="display: none;"
                          >
                            <li
                              class="el-dropdown-menu__item"
                              tabindex="-1"
                            >
                              <!---->
                              编辑
                            </li>
                             
                            <li
                              class="el-dropdown-menu__item el-dropdown-menu__item--divided"
                              tabindex="-1"
                            >
                              <!---->
                              删除
                            </li>
                          </ul>
                        </div>
                      </div>
                    </div>
                  </td>
                </tr>
                <!---->
              </tbody>
            </table>
            <!---->
            <!---->
          </div>
          <!---->
          <div
            class="el-table__fixed"
            style="width: 184px;"
          >
            <div
              class="el-table__fixed-header-wrapper"
            >
              <table
                border="0"
                cellpadding="0"
                cellspacing="0"
                class="el-table__header"
                style="width: 1634px;"
              >
                <colgroup>
                  <col
                    name="el-table_6_column_51"
                    width="48"
                  />
                  <col
                    name="el-table_6_column_52"
                    width="136"
                  />
                  <col
                    name="el-table_6_column_53"
                    width="160"
                  />
                  <col
                    name="el-table_6_column_54"
                    width="160"
                  />
                  <col
                    name="el-table_6_column_55"
                    width="250"
                  />
                  <col
                    name="el-table_6_column_56"
                    width="250"
                  />
                  <col
                    name="el-table_6_column_57"
                    width="112"
                  />
                  <col
                    name="el-table_6_column_58"
                    width="104"
                  />
                  <col
                    name="el-table_6_column_59"
                    width="50"
                  />
                  <col
                    name="el-table_6_column_60"
                    width="364"
                  />
                </colgroup>
                <thead
                  class=""
                >
                  <tr
                    class=""
                  >
                    <th
                      class="el-table_6_column_51  is-center el-table-column--selection  is-leaf"
                      colspan="1"
                      rowspan="1"
                    >
                      <div
                        class="cell"
                      >
                        <label
                          class="el-checkbox"
                          role="checkbox"
                        >
                          <span
                            aria-checked="mixed"
                            class="el-checkbox__input"
                          >
                            <span
                              class="el-checkbox__inner"
                            />
                            <input
                              aria-hidden="true"
                              class="el-checkbox__original"
                              type="checkbox"
                              value=""
                            />
                          </span>
                          <!---->
                        </label>
                      </div>
                    </th>
                    <th
                      class="el-table_6_column_52  is-left   is-leaf"
                      colspan="1"
                      rowspan="1"
                    >
                      <div
                        class="cell"
                      >
                        服务名称
                      </div>
                    </th>
                    <th
                      class="el-table_6_column_53  is-left   is-hidden is-leaf"
                      colspan="1"
                      rowspan="1"
                    >
                      <div
                        class="cell"
                      >
                        描述
                      </div>
                    </th>
                    <th
                      class="el-table_6_column_54  is-left   is-hidden is-leaf"
                      colspan="1"
                      rowspan="1"
                    >
                      <div
                        class="cell"
                      >
                        调用模型
                      </div>
                    </th>
                    <th
                      class="el-table_6_column_55  is-left   is-hidden is-leaf"
                      colspan="1"
                      rowspan="1"
                    >
                      <div
                        class="cell"
                      >
                        创建时间
                      </div>
                    </th>
                    <th
                      class="el-table_6_column_56  is-left   is-hidden is-leaf"
                      colspan="1"
                      rowspan="1"
                    >
                      <div
                        class="cell"
                      >
                        最后更新时间
                      </div>
                    </th>
                    <th
                      class="el-table_6_column_57  is-left   is-hidden is-leaf"
                      colspan="1"
                      rowspan="1"
                    >
                      <div
                        class="cell"
                      >
                        创建者
                      </div>
                    </th>
                    <th
                      class="el-table_6_column_58  is-left   is-hidden is-leaf"
                      colspan="1"
                      rowspan="1"
                    >
                      <div
                        class="cell"
                      >
                        状态
                      </div>
                    </th>
                    <th
                      class="el-table_6_column_59  is-center   is-hidden is-leaf"
                      colspan="1"
                      rowspan="1"
                    >
                      <div
                        class="cell"
                      >
                        发布
                      </div>
                    </th>
                    <th
                      class="el-table_6_column_60  is-center   is-hidden is-leaf"
                      colspan="1"
                      rowspan="1"
                    >
                      <div
                        class="cell"
                      >
                        操作
                      </div>
                    </th>
                  </tr>
                </thead>
              </table>
            </div>
            <div
              class="el-table__fixed-body-wrapper"
              style="top: 0px;"
            >
              <table
                border="0"
                cellpadding="0"
                cellspacing="0"
                class="el-table__body"
                style="width: 1634px;"
              >
                <colgroup>
                  <col
                    name="el-table_6_column_51"
                    width="48"
                  />
                  <col
                    name="el-table_6_column_52"
                    width="136"
                  />
                  <col
                    name="el-table_6_column_53"
                    width="160"
                  />
                  <col
                    name="el-table_6_column_54"
                    width="160"
                  />
                  <col
                    name="el-table_6_column_55"
                    width="250"
                  />
                  <col
                    name="el-table_6_column_56"
                    width="250"
                  />
                  <col
                    name="el-table_6_column_57"
                    width="112"
                  />
                  <col
                    name="el-table_6_column_58"
                    width="104"
                  />
                  <col
                    name="el-table_6_column_59"
                    width="50"
                  />
                  <col
                    name="el-table_6_column_60"
                    width="364"
                  />
                </colgroup>
                <tbody>
                  <tr
                    class="el-table__row"
                  >
                    <td
                      class="el-table_6_column_51 is-center el-table-column--selection"
                      colspan="1"
                      rowspan="1"
                    >
                      <div
                        class="cell"
                      >
                        <label
                          class="el-checkbox"
                          role="checkbox"
                        >
                          <span
                            aria-checked="mixed"
                            class="el-checkbox__input"
                          >
                            <span
                              class="el-checkbox__inner"
                            />
                            <input
                              aria-hidden="true"
                              class="el-checkbox__original"
                              type="checkbox"
                              value=""
                            />
                          </span>
                          <!---->
                        </label>
                      </div>
                    </td>
                    <td
                      class="el-table_6_column_52 is-left "
                      colspan="1"
                      rowspan="1"
                    >
                      <div
                        class="cell el-tooltip"
                        style="width: 134px;"
                      >
                        <span>
                          服务1
                        </span>
                      </div>
                    </td>
                    <td
                      class="el-table_6_column_53 is-left  is-hidden"
                      colspan="1"
                      rowspan="1"
                    >
                      <div
                        class="cell el-tooltip"
                        style="width: 158px;"
                      >
                        <span>
                          上海市普陀区金沙江路 1518 弄
                        </span>
                      </div>
                    </td>
                    <td
                      class="el-table_6_column_54 is-left  is-hidden"
                      colspan="1"
                      rowspan="1"
                    >
                      <div
                        class="cell"
                      >
                        <span
                          class="realproject"
                        >
                          <div
                            aria-hidden="true"
                            class="el-popover el-popper"
                            id="el-popover-7495"
                            role="tooltip"
                            style="width: 488px; display: none;"
                            tabindex="0"
                          >
                            <div
                              class="el-popover__title"
                            >
                              模型详情
                            </div>
                            <div
                              class="el-divider el-divider--horizontal"
                            />
                             
                            <table
                              class="dialogDetail"
                            >
                              <tr
                                style="vertical-align: top;"
                              >
                                <td>
                                  <label>
                                    模型名称 : 
                                  </label>
                                </td>
                                <td>
                                  
                                </td>
                              </tr>
                               
                              <tr
                                style="vertical-align: top;"
                              >
                                <td>
                                  <label>
                                    模型描述 : 
                                  </label>
                                </td>
                                <td>
                                  
                                </td>
                              </tr>
                               
                              <tr
                                style="vertical-align: top;"
                              >
                                <td>
                                  <label>
                                    创建时间 : 
                                  </label>
                                </td>
                                <td>
                                  
                                </td>
                              </tr>
                               
                              <tr
                                style="vertical-align: top;"
                              >
                                <td>
                                  <label>
                                    最后更新时间 : 
                                  </label>
                                </td>
                                <td>
                                  
                                </td>
                              </tr>
                            </table>
                             
                          </div>
                          <span
                            aria-describedby="el-popover-7495"
                            class="el-popover__reference"
                            tabindex="0"
                          >
                            model1
                          </span>
                        </span>
                      </div>
                    </td>
                    <td
                      class="el-table_6_column_55 is-left  is-hidden"
                      colspan="1"
                      rowspan="1"
                    >
                      <div
                        class="cell"
                      >
                        2016-05-02
                      </div>
                    </td>
                    <td
                      class="el-table_6_column_56 is-left  is-hidden"
                      colspan="1"
                      rowspan="1"
                    >
                      <div
                        class="cell"
                      >
                        2016-05-03
                      </div>
                    </td>
                    <td
                      class="el-table_6_column_57 is-left  is-hidden"
                      colspan="1"
                      rowspan="1"
                    >
                      <div
                        class="cell el-tooltip"
                        style="width: 110px;"
                      />
                    </td>
                    <td
                      class="el-table_6_column_58 is-left  is-hidden"
                      colspan="1"
                      rowspan="1"
                    >
                      <div
                        class="cell"
                      >
                        <!---->
                         
                        <!---->
                         
                        <!---->
                         
                        <!---->
                        
        
      
                      </div>
                    </td>
                    <td
                      class="el-table_6_column_59 is-center  is-hidden"
                      colspan="1"
                      rowspan="1"
                    >
                      <div
                        class="cell"
                      >
                        <div
                          class="el-switch"
                          role="switch"
                        >
                          <input
                            class="el-switch__input"
                            name=""
                            true-value="true"
                            type="checkbox"
                          />
                          <!---->
                          <span
                            class="el-switch__core"
                            style="width: 40px; border-color: #ccc; background-color: rgb(204, 204, 204);"
                          />
                          <!---->
                        </div>
                      </div>
                    </td>
                    <td
                      class="el-table_6_column_60 is-center  is-hidden"
                      colspan="1"
                      rowspan="1"
                    >
                      <div
                        class="cell"
                      >
                        <div
                          style="height: 36px;"
                        >
                          <button
                            class="el-button el-button--default el-button--small is-plain"
                            style="width: 96px;"
                            type="button"
                          >
                            <!---->
                            <!---->
                            <span>
                              调用信息
                            </span>
                          </button>
                           
                          <button
                            class="el-button el-button--default el-button--small is-plain"
                            style="width: 64px;"
                            type="button"
                          >
                            <!---->
                            <!---->
                            <span>
                              测试
                            </span>
                          </button>
                           
                          <button
                            class="el-button el-button--default el-button--small is-plain"
                            style="width: 64px;"
                            type="button"
                          >
                            <!---->
                            <!---->
                            <span>
                              更新
                            </span>
                          </button>
                           
                          <div
                            class="el-dropdown"
                          >
                            <span
                              aria-controls="dropdown-menu-5054"
                              aria-haspopup="list"
                              class=" el-dropdown-selfdefine"
                              role="button"
                              tabindex="0"
                            >
                              <button
                                class="el-button moreOperator el-button--default el-button--small is-circle"
                                style="width: 28px; border-radius: 14px;"
                                type="button"
                              >
                                <!---->
                                <!---->
                                <span>
                                  ...
                                </span>
                              </button>
                            </span>
                             
                            <ul
                              class="el-dropdown-menu el-popper"
                              id="dropdown-menu-5054"
                              style="display: none;"
                            >
                              <li
                                class="el-dropdown-menu__item"
                                tabindex="-1"
                              >
                                <!---->
                                编辑
                              </li>
                               
                              <li
                                class="el-dropdown-menu__item el-dropdown-menu__item--divided"
                                tabindex="-1"
                              >
                                <!---->
                                删除
                              </li>
                            </ul>
                          </div>
                        </div>
                      </div>
                    </td>
                  </tr>
                  <tr
                    class="el-table__row"
                  >
                    <td
                      class="el-table_6_column_51 is-center el-table-column--selection"
                      colspan="1"
                      rowspan="1"
                    >
                      <div
                        class="cell"
                      >
                        <label
                          class="el-checkbox"
                          role="checkbox"
                        >
                          <span
                            aria-checked="mixed"
                            class="el-checkbox__input"
                          >
                            <span
                              class="el-checkbox__inner"
                            />
                            <input
                              aria-hidden="true"
                              class="el-checkbox__original"
                              type="checkbox"
                              value=""
                            />
                          </span>
                          <!---->
                        </label>
                      </div>
                    </td>
                    <td
                      class="el-table_6_column_52 is-left "
                      colspan="1"
                      rowspan="1"
                    >
                      <div
                        class="cell el-tooltip"
                        style="width: 134px;"
                      >
                        <span>
                          服务2
                        </span>
                      </div>
                    </td>
                    <td
                      class="el-table_6_column_53 is-left  is-hidden"
                      colspan="1"
                      rowspan="1"
                    >
                      <div
                        class="cell el-tooltip"
                        style="width: 158px;"
                      >
                        <span>
                          上海市普陀区金沙江路 1518 弄2
                        </span>
                      </div>
                    </td>
                    <td
                      class="el-table_6_column_54 is-left  is-hidden"
                      colspan="1"
                      rowspan="1"
                    >
                      <div
                        class="cell"
                      >
                        <span
                          class="realproject"
                        >
                          <div
                            aria-hidden="true"
                            class="el-popover el-popper"
                            id="el-popover-2068"
                            role="tooltip"
                            style="width: 488px; display: none;"
                            tabindex="0"
                          >
                            <div
                              class="el-popover__title"
                            >
                              模型详情
                            </div>
                            <div
                              class="el-divider el-divider--horizontal"
                            />
                             
                            <table
                              class="dialogDetail"
                            >
                              <tr
                                style="vertical-align: top;"
                              >
                                <td>
                                  <label>
                                    模型名称 : 
                                  </label>
                                </td>
                                <td>
                                  
                                </td>
                              </tr>
                               
                              <tr
                                style="vertical-align: top;"
                              >
                                <td>
                                  <label>
                                    模型描述 : 
                                  </label>
                                </td>
                                <td>
                                  
                                </td>
                              </tr>
                               
                              <tr
                                style="vertical-align: top;"
                              >
                                <td>
                                  <label>
                                    创建时间 : 
                                  </label>
                                </td>
                                <td>
                                  
                                </td>
                              </tr>
                               
                              <tr
                                style="vertical-align: top;"
                              >
                                <td>
                                  <label>
                                    最后更新时间 : 
                                  </label>
                                </td>
                                <td>
                                  
                                </td>
                              </tr>
                            </table>
                             
                          </div>
                          <span
                            aria-describedby="el-popover-2068"
                            class="el-popover__reference"
                            tabindex="0"
                          >
                            model2
                          </span>
                        </span>
                      </div>
                    </td>
                    <td
                      class="el-table_6_column_55 is-left  is-hidden"
                      colspan="1"
                      rowspan="1"
                    >
                      <div
                        class="cell"
                      >
                        2019-05-02
                      </div>
                    </td>
                    <td
                      class="el-table_6_column_56 is-left  is-hidden"
                      colspan="1"
                      rowspan="1"
                    >
                      <div
                        class="cell"
                      >
                        2019-05-03
                      </div>
                    </td>
                    <td
                      class="el-table_6_column_57 is-left  is-hidden"
                      colspan="1"
                      rowspan="1"
                    >
                      <div
                        class="cell el-tooltip"
                        style="width: 110px;"
                      />
                    </td>
                    <td
                      class="el-table_6_column_58 is-left  is-hidden"
                      colspan="1"
                      rowspan="1"
                    >
                      <div
                        class="cell"
                      >
                        <!---->
                         
                        <!---->
                         
                        <!---->
                         
                        <!---->
                        
        
      
                      </div>
                    </td>
                    <td
                      class="el-table_6_column_59 is-center  is-hidden"
                      colspan="1"
                      rowspan="1"
                    >
                      <div
                        class="cell"
                      >
                        <div
                          class="el-switch"
                          role="switch"
                        >
                          <input
                            class="el-switch__input"
                            name=""
                            true-value="true"
                            type="checkbox"
                          />
                          <!---->
                          <span
                            class="el-switch__core"
                            style="width: 40px; border-color: #ccc; background-color: rgb(204, 204, 204);"
                          />
                          <!---->
                        </div>
                      </div>
                    </td>
                    <td
                      class="el-table_6_column_60 is-center  is-hidden"
                      colspan="1"
                      rowspan="1"
                    >
                      <div
                        class="cell"
                      >
                        <div
                          style="height: 36px;"
                        >
                          <button
                            class="el-button el-button--default el-button--small is-plain"
                            style="width: 96px;"
                            type="button"
                          >
                            <!---->
                            <!---->
                            <span>
                              调用信息
                            </span>
                          </button>
                           
                          <button
                            class="el-button el-button--default el-button--small is-plain"
                            style="width: 64px;"
                            type="button"
                          >
                            <!---->
                            <!---->
                            <span>
                              测试
                            </span>
                          </button>
                           
                          <button
                            class="el-button el-button--default el-button--small is-plain"
                            style="width: 64px;"
                            type="button"
                          >
                            <!---->
                            <!---->
                            <span>
                              更新
                            </span>
                          </button>
                           
                          <div
                            class="el-dropdown"
                          >
                            <span
                              aria-controls="dropdown-menu-5206"
                              aria-haspopup="list"
                              class=" el-dropdown-selfdefine"
                              role="button"
                              tabindex="0"
                            >
                              <button
                                class="el-button moreOperator el-button--default el-button--small is-circle"
                                style="width: 28px; border-radius: 14px;"
                                type="button"
                              >
                                <!---->
                                <!---->
                                <span>
                                  ...
                                </span>
                              </button>
                            </span>
                             
                            <ul
                              class="el-dropdown-menu el-popper"
                              id="dropdown-menu-5206"
                              style="display: none;"
                            >
                              <li
                                class="el-dropdown-menu__item"
                                tabindex="-1"
                              >
                                <!---->
                                编辑
                              </li>
                               
                              <li
                                class="el-dropdown-menu__item el-dropdown-menu__item--divided"
                                tabindex="-1"
                              >
                                <!---->
                                删除
                              </li>
                            </ul>
                          </div>
                        </div>
                      </div>
                    </td>
                  </tr>
                  <!---->
                </tbody>
              </table>
              <!---->
            </div>
            <!---->
          </div>
          <!---->
          <!---->
          <div
            class="el-table__column-resize-proxy"
            style="display: none;"
          />
          <div
            class="el-loading-mask el-loading-fade-enter el-loading-fade-enter-active"
            style=""
          >
            <div
              class="el-loading-spinner"
            >
              <svg
                class="circular"
                viewBox="25 25 50 50"
              >
                <circle
                  class="path"
                  cx="50"
                  cy="50"
                  fill="none"
                  r="20"
                />
              </svg>
              <!---->
            </div>
          </div>
        </div>
      </div>
    </div>
     
    <div
      class="pagination-container"
    >
      <div
        class="el-pagination"
      >
        <span
          class="el-pagination__total"
        >
          共 0 条
        </span>
        <button
          class="btn-prev"
          disabled="disabled"
          type="button"
        >
          <i
            class="el-icon el-icon-arrow-left"
          />
        </button>
        <ul
          class="el-pager"
        >
          <li
            class="number active"
          >
            1
          </li>
          <!---->
          <!---->
          <!---->
        </ul>
        <button
          class="btn-next"
          disabled="disabled"
          type="button"
        >
          <i
            class="el-icon el-icon-arrow-right"
          />
        </button>
        <span
          class="el-pagination__jump"
        >
          前往
          <div
            class="el-input el-pagination__editor is-in-pagination"
          >
            <!---->
            <input
              autocomplete="off"
              class="el-input__inner"
              max="1"
              min="1"
              type="number"
            />
            <!---->
            <!---->
            <!---->
            <!---->
          </div>
          页
        </span>
      </div>
    </div>
  </main>
   
  <div
    class="app_container"
  >
    <div
      class="el-dialog__wrapper addDialog"
      style="display: none;"
    >
      <div
        aria-label="添加服务"
        aria-modal="true"
        class="el-dialog"
        role="dialog"
        style="margin-top: 15vh;"
      >
        <div
          class="el-dialog__header"
        >
          <span
            class="el-dialog__title"
          >
            添加服务
          </span>
          <!---->
        </div>
        <!---->
        <div
          class="el-dialog__footer"
        >
          <div
            class="dialog-footer"
          >
            <button
              class="el-button cancel el-button--default"
              type="button"
            >
              <!---->
              <!---->
              <span>
                取消
              </span>
            </button>
             
            <button
              class="el-button el-button--primary"
              type="button"
            >
              <!---->
              <!---->
              <span>
                确定
              </span>
            </button>
          </div>
        </div>
      </div>
    </div>
  </div>
   
  <div
    class="app_container"
  >
    <div
      class="el-dialog__wrapper editDialog"
      style="display: none;"
    >
      <div
        aria-label="编辑服务"
        aria-modal="true"
        class="el-dialog"
        role="dialog"
        style="margin-top: 15vh;"
      >
        <div
          class="el-dialog__header"
        >
          <span
            class="el-dialog__title"
          >
            编辑服务
          </span>
          <!---->
        </div>
        <!---->
        <div
          class="el-dialog__footer"
        >
          <div
            class="dialog-footer"
          >
            <button
              class="el-button cancel el-button--default"
              type="button"
            >
              <!---->
              <!---->
              <span>
                取消
              </span>
            </button>
             
            <button
              class="el-button el-button--primary"
              type="button"
            >
              <!---->
              <!---->
              <span>
                确定
              </span>
            </button>
          </div>
        </div>
      </div>
    </div>
  </div>
   
  <div
    class="app_container"
  >
    <div
      class="el-dialog__wrapper clientDialog"
      style="display: none;"
    >
      <div
        aria-label="调用信息"
        aria-modal="true"
        class="el-dialog"
        role="dialog"
        style="margin-top: 15vh;"
      >
        <div
          class="el-dialog__header"
        >
          <span
            class="el-dialog__title"
          >
            调用信息
          </span>
          <!---->
        </div>
        <!---->
        <div
          class="el-dialog__footer"
        >
          <div
            class="dialog-footer"
          >
            <button
              class="el-button cancel el-button--default"
              type="button"
            >
              <!---->
              <!---->
              <span>
                取消
              </span>
            </button>
             
            <button
              class="el-button el-button--primary"
              type="button"
            >
              <!---->
              <!---->
              <span>
                确定
              </span>
            </button>
          </div>
        </div>
      </div>
    </div>
  </div>
   
  <div
    class="app_container"
  >
    <div
      class="el-dialog__wrapper testDialog"
      style="display: none;"
    >
      <div
        aria-label="dialog"
        aria-modal="true"
        class="el-dialog"
        role="dialog"
        style="margin-top: 15vh;"
      >
        <div
          class="el-dialog__header"
        >
          <span
            class="el-dialog__title"
          >
            
          </span>
          <button
            aria-label="Close"
            class="el-dialog__headerbtn"
            type="button"
          >
            <i
              class="el-dialog__close el-icon el-icon-close"
            />
          </button>
        </div>
        <!---->
        <!---->
      </div>
    </div>
  </div>
</div>
`;
